================================================================
  Sentence Memorability Study — Analysis Pipeline
================================================================
  Run started : 2026-04-21 18:43:02
  Log file    : outputs/logs/pipeline_run_2026-04-21_18-43-02.log
  Stats dir   : outputs/stats
================================================================


================================================================
  PHASE 1: Preprocessing
================================================================

[01_load_and_combine] Loading raw participant log files...
  Found 114 .log files in 'data/raw'
  Loaded    : 81329 rows, 14 columns, 114 participants
  Columns   : participant_id, event_timestamp_ms, event_type, stimulus_id, is_target_sentence, is_validation_sentence, is_probe_repeat, response_button, ir_accuracy, wr_accuracy, ir_reaction_time_ms, wr_reaction_time_ms, CR_IR, CR_WR
  Rows/participant  min=626  median=706  max=911
  Event types present:
    gap_time                                 25308
    Sentence shown                           25308
    IR pressed                               9857
    WR pressed                               9857
    Practice Sentence shown                  3420
    Validation IR pressed                    3231
    Validation Wrong IR pressed              2082
    Practice IR pressed                      994
    Practice WR pressed                      709
    Rest Phase started                       228
    Validation Missed                        189
    Practice Missed                          146
  Saved -> data/processed/combined_data.csv

[02_clean_events] Filtering events and assigning block IDs...
  Input rows : 81329
  Removed practice/gap_time rows : 30577  (37.6%)
  Rows after block capping (<=3)  : 50524

  Rows per block (across participants):
 block_id participants min_rows median_rows max_rows
        1          114      117       155.0      211
        2          114       98       142.5      199
        3          114      104       137.5      217

  Target sentences at encoding (expecting 48 per participant):
    min=48  median=48  max=48  n_participants=114

  Final event types and counts:
                  event_type count
              Sentence shown 25308
                  IR pressed  9857
                  WR pressed  9857
       Validation IR pressed  3231
 Validation Wrong IR pressed  2082
           Validation Missed   189

  Final stimulus types and counts:
 stimulus_type count
            HF 50524
  Saved -> data/processed/cleaned_data.csv

[03_validate_participants] Applying block-level validation formula...
  Input rows : 50524 from 114 participants

  Block-level validation (formula: Correct > Wrong/2 + Missed):
 block_id valid=FALSE valid=TRUE
        1           6        108
        2           5        109
        3           2        112

  Participants total     : 114
  All 3 blocks passed   : 105  (92.1%)
  Partial/failed blocks : 9  (7.9%)
  Saved -> outputs/stats/validation_summary.txt
  Saved -> data/processed/validation_report.csv, pruned_data.csv

[04_finalize_dataset] Normalizing conditions and parsing voice...
  Input rows : 50524
  Rows from failed blocks excluded : 2243
  Rows retained                   : 48281

  Noun condition distribution (after normalization):
    HF     : 28328 rows
    HL     : 5116 rows
    HH     : 5038 rows
    LH     : 4944 rows
    LL     : 4855 rows

  Voice distribution:
    Active     : 38273 rows
    Passive    : 10008 rows

  Voice distribution by noun condition:
 noun_condition Active Passive
             HF  28328       0
             HH   2502    2536
             HL   2567    2549
             LH   2472    2472
             LL   2404    2451

  Final dataset : 48281 rows × 17 cols | 112 participants
  Saved -> data/processed/final_data.csv


================================================================
  PHASE 2: Data Integrity Checks
================================================================

[06a_data_checks] Data integrity crosschecks...
  Participants in final data : 112
  Total encoding target rows : 5264
  [1/4] Sentences per participant...
    min=32  median=48  max=48  (expected: 48 per participant)
  Saved -> outputs/plots/00a_sentences_per_participant.png
  [2/4] Distribution by noun condition...
    Noun condition counts (encoding trials):
      HH   : 1316
      HL   : 1316
      LH   : 1316
      LL   : 1316
  Saved -> outputs/plots/00b_trials_by_noun_condition.png
  [3/4] Distribution by voice...
    Voice counts (encoding trials):
      Active   : 2632
      Passive  : 2632
  Saved -> outputs/plots/00c_trials_by_voice.png
  [4/4] Condition x Voice crosscheck...
    Condition x Voice table:
 noun_condition Active Passive
             HH    658     658
             HL    658     658
             LH    658     658
             LL    658     658
  Saved -> outputs/plots/00d_trials_condition_by_voice.png
  [06a_data_checks] Done.


================================================================
  PHASE 3: Compute Scores & Descriptives
================================================================

[05a_compute_scores] Computing CR scores, descriptives, and normality checks...
  Input rows : 48281 | participants : 112

  [1/5] Computing IR false alarm rates from HF first-showings...
    HF first-showings per participant  min=64  max=96
    IR FA rate  mean=0.160  sd=0.104  min=0.000  max=0.427

  [2/5] Counting IR hits on target probes...
    Target probe rows : 896 | IR hit rows : 890

  [3/5] Computing WR conditional accuracy...
    WR trials recorded : 890 | mean wr_acc_score : 0.747

  [4/5] Computing mean reaction times per condition x voice...

  [5/5] Compiling final CR score table...
    CR score table : 896 rows x 9 cols

    IR CR summary:
   Min. 1st Qu.  Median    Mean 3rd Qu.    Max. 
-0.1406  0.5521  0.7083  0.6726  0.8438  1.0000 

    WR accuracy summary:
   Min. 1st Qu.  Median    Mean 3rd Qu.    Max.    NA's 
 0.0000  0.6667  0.8000  0.7466  1.0000  1.0000       6 

  Outlier detection (detection only, no exclusions)...
    IR CR range : [-0.141, 1.000] | values < -0.5 : 0
    IR RT range : [784, 3834] ms | outside mean±3SD [536, 2909] : 5
  Saved -> outputs/stats/outlier_check.txt

  Computing per-condition descriptive statistics...

    Descriptive statistics:
 noun_condition   voice       metric   N      Mean       SD    Median       Min
             HH  Active        ir_cr 112    0.6826   0.1995    0.7292    0.0208
             HH  Active        ir_rt 112 1676.6452 362.5122 1675.3750  896.0000
             HH  Active wr_acc_score 112    0.7417   0.1993    0.7500    0.0000
             HH Passive        ir_cr 112    0.6953   0.2198    0.7500   -0.1406
             HH Passive        ir_rt 111 1776.6005 371.6632 1779.0000 1051.8333
             HH Passive wr_acc_score 111    0.7523   0.2174    0.8000    0.2500
             HL  Active        ir_cr 112    0.6886   0.1947    0.7344    0.0208
             HL  Active        ir_rt 112 1663.7237 413.7767 1627.2500  784.5000
             HL  Active wr_acc_score 112    0.7751   0.2076    0.8167    0.0000
             HL Passive        ir_cr 112    0.6930   0.2064    0.7396   -0.0521
             HL Passive        ir_rt 111 1795.4841 452.6085 1738.2000  916.8333
             HL Passive wr_acc_score 111    0.7197   0.2107    0.7500    0.0000
             LH  Active        ir_cr 112    0.6767   0.2022    0.7031   -0.0521
             LH  Active        ir_rt 111 1670.8227 363.0593 1650.6000  868.6667
             LH  Active wr_acc_score 111    0.7685   0.1942    0.8000    0.3333
             LH Passive        ir_cr 112    0.6811   0.2163    0.7396   -0.0833
             LH Passive        ir_rt 111 1670.1446 375.4603 1619.0000  896.4000
             LH Passive wr_acc_score 111    0.7547   0.2112    0.8000    0.0000
             LL  Active        ir_cr 112    0.6253   0.2338    0.6406   -0.1406
             LL  Active        ir_rt 110 1717.1044 383.9796 1618.0833  827.3333
             LL  Active wr_acc_score 110    0.7436   0.2084    0.7500    0.2000
             LL Passive        ir_cr 112    0.6380   0.2147    0.6354    0.1042
             LL Passive        ir_rt 112 1808.0671 410.7218 1749.2500  854.0000
             LL Passive wr_acc_score 112    0.7173   0.2320    0.7500    0.0000
       Max  CI_lower  CI_upper
    1.0000    0.6481    0.7152
 3009.0000 1610.9782 1739.5042
    1.0000    0.7022    0.7783
    0.9688    0.6556    0.7335
 2755.3333 1705.4998 1841.4661
    1.0000    0.7144    0.7894
    0.9479    0.6532    0.7251
 2605.0000 1588.1326 1740.3343
    1.0000    0.7359    0.8143
    1.0000    0.6521    0.7282
 3834.0000 1716.0412 1877.4488
    1.0000    0.6797    0.7554
    0.9792    0.6377    0.7131
 2654.6667 1602.9486 1741.8760
    1.0000    0.7329    0.8009
    0.9583    0.6410    0.7223
 2963.0000 1597.7201 1740.1985
    1.0000    0.7152    0.7939
    1.0000    0.5807    0.6660
 2978.0000 1640.7222 1786.8502
    1.0000    0.7035    0.7836
    1.0000    0.5963    0.6759
 2955.5000 1735.6147 1884.0425
    1.0000    0.6743    0.7578

  Shapiro-Wilk normality tests (per condition group)...
 noun_condition       metric   n         W             p_value
             HH        ir_cr 224 0.9235296 0.00000000228713550
             HL        ir_cr 224 0.9375577 0.00000003464383546
             LH        ir_cr 224 0.9353469 0.00000002205916803
             LL        ir_cr 224 0.9596587 0.00000587697794548
             HH        ir_rt 223 0.9888148 0.08010249808601148
             HL        ir_rt 223 0.9723900 0.00023720159247780
             LH        ir_rt 222 0.9838719 0.01249846880682148
             LL        ir_rt 222 0.9847395 0.01727701617887057
             HH wr_acc_score 223 0.9149738 0.00000000054055102
             HL wr_acc_score 223 0.8959479 0.00000000002617141
             LH wr_acc_score 222 0.9017014 0.00000000006725602
             LL wr_acc_score 222 0.9186200 0.00000000108121405
           conclusion
 Non-normal (p < .05)
 Non-normal (p < .05)
 Non-normal (p < .05)
 Non-normal (p < .05)
     Normal (p > .05)
 Non-normal (p < .05)
 Non-normal (p < .05)
 Non-normal (p < .05)
 Non-normal (p < .05)
 Non-normal (p < .05)
 Non-normal (p < .05)
 Non-normal (p < .05)

    11/12 condition-metric cells are non-normal -> non-parametric tests justified.

  Saved tables -> outputs/stats/{fa_rates,descriptive_stats,normality}.txt
  Saved -> data/processed/cr_scores.csv, descriptive_stats.csv


================================================================
  PHASE 4: Inferential Statistics
================================================================

[05b_statistical_tests] Running non-parametric inferential statistics...
  Input : 896 observations | conditions : HH/HL/LH/LL | voices : Active/Passive

  --- Homogeneity of Variance: Fligner-Killeen (F9) ---
=== Fligner-Killeen Test: Homogeneity of Variance ===
(Non-parametric equivalent of Levene's; class 14.pdf flowchart step)

IR Corrected Rate:

	Fligner-Killeen test of homogeneity of variances

data:  ir_cr by noun_condition
Fligner-Killeen:med chi-squared = 4.0452, df = 3, p-value = 0.2566


WR Accuracy:

	Fligner-Killeen test of homogeneity of variances

data:  wr_acc_score by noun_condition
Fligner-Killeen:med chi-squared = 8.7029, df = 3, p-value = 0.03351


IR Reaction Time:

	Fligner-Killeen test of homogeneity of variances

data:  ir_rt by noun_condition
Fligner-Killeen:med chi-squared = 8.1815, df = 3, p-value = 0.04241


Interpretation: p < .05 indicates unequal spread across conditions.
Friedman's test is used regardless (robustness to variance heterogeneity). 
  Saved -> outputs/stats/homogeneity.txt

================================================================
FAMILY-WISE α NOTE (class 14.pdf + 10.pdf)
================================================================
Three omnibus Friedman tests run on the same dataset:
  (1) IR Corrected Rate, (2) WR Accuracy, (3) IR Reaction Time
Bonferroni-adjusted family-wise alpha = 0.05 / 3 = 0.0167
All omnibus results interpreted at this threshold for strict FWER control.
Within significant omnibus tests, Holm correction applied to pairwise post-hocs. 

  --- Omnibus Tests (Friedman's) ---

================================================================
FRIEDMAN'S TEST: Corrected IR ~ noun_condition
(Replaces Kruskal-Wallis: within-participants design, class 14.pdf)
================================================================ 
